Flow report for AutomatedParkingSystem
Thu Aug 13 15:14:47 2020
Quartus Prime Version 18.1.0 Build 625 09/12/2018 SJ Lite Edition


---------------------
; Table of Contents ;
---------------------
  1. Legal Notice
  2. Flow Summary
  3. Flow Settings
  4. Flow Non-Default Global Settings
  5. Flow Elapsed Time
  6. Flow OS Summary
  7. Flow Log
  8. Flow Messages
  9. Flow Suppressed Messages



----------------
; Legal Notice ;
----------------
Copyright (C) 2018  Intel Corporation. All rights reserved.
Your use of Intel Corporation's design tools, logic functions 
and other software and tools, and its AMPP partner logic 
functions, and any output files from any of the foregoing 
(including device programming or simulation files), and any 
associated documentation or information are expressly subject 
to the terms and conditions of the Intel Program License 
Subscription Agreement, the Intel Quartus Prime License Agreement,
the Intel FPGA IP License Agreement, or other applicable license
agreement, including, without limitation, that your use is for
the sole purpose of programming logic devices manufactured by
Intel and sold by Intel or its authorized distributors.  Please
refer to the applicable agreement for further details.



+-------------------------------------------------------------------------------+
; Flow Summary                                                                  ;
+---------------------------------+---------------------------------------------+
; Flow Status                     ; Successful - Thu Aug 13 15:14:36 2020       ;
; Quartus Prime Version           ; 18.1.0 Build 625 09/12/2018 SJ Lite Edition ;
; Revision Name                   ; AutomatedParkingSystem                      ;
; Top-level Entity Name           ; automated_parking_system                    ;
; Family                          ; Cyclone V                                   ;
; Device                          ; 5CEFA7F27C6                                 ;
; Timing Models                   ; Final                                       ;
; Logic utilization (in ALMs)     ; 51 / 56,480 ( < 1 % )                       ;
; Total registers                 ; 15                                          ;
; Total pins                      ; 65 / 336 ( 19 % )                           ;
; Total virtual pins              ; 0                                           ;
; Total block memory bits         ; 0 / 7,024,640 ( 0 % )                       ;
; Total DSP Blocks                ; 0 / 156 ( 0 % )                             ;
; Total HSSI RX PCSs              ; 0                                           ;
; Total HSSI PMA RX Deserializers ; 0                                           ;
; Total HSSI TX PCSs              ; 0                                           ;
; Total HSSI PMA TX Serializers   ; 0                                           ;
; Total PLLs                      ; 0 / 7 ( 0 % )                               ;
; Total DLLs                      ; 0 / 4 ( 0 % )                               ;
+---------------------------------+---------------------------------------------+


+--------------------------------------------+
; Flow Settings                              ;
+-------------------+------------------------+
; Option            ; Setting                ;
+-------------------+------------------------+
; Start date & time ; 08/13/2020 15:12:33    ;
; Main task         ; Compilation            ;
; Revision Name     ; AutomatedParkingSystem ;
+-------------------+------------------------+


+-----------------------------------------------------------------------------------------------------------------------------------------------+
; Flow Non-Default Global Settings                                                                                                              ;
+-------------------------------------+----------------------------------------+------------------------+--------------------------+------------+
; Assignment Name                     ; Value                                  ; Default Value          ; Entity Name              ; Section Id ;
+-------------------------------------+----------------------------------------+------------------------+--------------------------+------------+
; COMPILER_SIGNATURE_ID               ; 251485269186503.159732795214592        ; --                     ; --                       ; --         ;
; MAX_CORE_JUNCTION_TEMP              ; 85                                     ; --                     ; --                       ; --         ;
; MIN_CORE_JUNCTION_TEMP              ; 0                                      ; --                     ; --                       ; --         ;
; PARTITION_COLOR                     ; -- (Not supported for targeted family) ; --                     ; automated_parking_system ; Top        ;
; PARTITION_FITTER_PRESERVATION_LEVEL ; -- (Not supported for targeted family) ; --                     ; automated_parking_system ; Top        ;
; PARTITION_NETLIST_TYPE              ; -- (Not supported for targeted family) ; --                     ; automated_parking_system ; Top        ;
; POWER_BOARD_THERMAL_MODEL           ; None (CONSERVATIVE)                    ; --                     ; --                       ; --         ;
; POWER_PRESET_COOLING_SOLUTION       ; 23 MM HEAT SINK WITH 200 LFPM AIRFLOW  ; --                     ; --                       ; --         ;
; PROJECT_OUTPUT_DIRECTORY            ; output_files                           ; --                     ; --                       ; --         ;
; TOP_LEVEL_ENTITY                    ; automated_parking_system               ; AutomatedParkingSystem ; --                       ; --         ;
+-------------------------------------+----------------------------------------+------------------------+--------------------------+------------+


+--------------------------------------------------------------------------------------------------------------------------+
; Flow Elapsed Time                                                                                                        ;
+----------------------+--------------+-------------------------+---------------------+------------------------------------+
; Module Name          ; Elapsed Time ; Average Processors Used ; Peak Virtual Memory ; Total CPU Time (on all processors) ;
+----------------------+--------------+-------------------------+---------------------+------------------------------------+
; Analysis & Synthesis ; 00:00:15     ; 1.0                     ; 4866 MB             ; 00:00:31                           ;
; Fitter               ; 00:01:21     ; 1.0                     ; 6399 MB             ; 00:01:47                           ;
; Assembler            ; 00:00:12     ; 1.0                     ; 4836 MB             ; 00:00:09                           ;
; Timing Analyzer      ; 00:00:09     ; 1.0                     ; 5140 MB             ; 00:00:07                           ;
; Total                ; 00:01:57     ; --                      ; --                  ; 00:02:34                           ;
+----------------------+--------------+-------------------------+---------------------+------------------------------------+


+------------------------------------------------------------------------------------+
; Flow OS Summary                                                                    ;
+----------------------+------------------+------------+------------+----------------+
; Module Name          ; Machine Hostname ; OS Name    ; OS Version ; Processor type ;
+----------------------+------------------+------------+------------+----------------+
; Analysis & Synthesis ; DESKTOP-OULQV37  ; Windows 10 ; 10.0       ; x86_64         ;
; Fitter               ; DESKTOP-OULQV37  ; Windows 10 ; 10.0       ; x86_64         ;
; Assembler            ; DESKTOP-OULQV37  ; Windows 10 ; 10.0       ; x86_64         ;
; Timing Analyzer      ; DESKTOP-OULQV37  ; Windows 10 ; 10.0       ; x86_64         ;
+----------------------+------------------+------------+------------+----------------+


------------
; Flow Log ;
------------
quartus_map --read_settings_files=on --write_settings_files=off AutomatedParkingSystem -c AutomatedParkingSystem
quartus_fit --read_settings_files=off --write_settings_files=off AutomatedParkingSystem -c AutomatedParkingSystem
quartus_asm --read_settings_files=off --write_settings_files=off AutomatedParkingSystem -c AutomatedParkingSystem
quartus_sta AutomatedParkingSystem -c AutomatedParkingSystem



